     1                                  
     2                                  global _start ; Объявляем точку входа _start глобальной для линковщика
     3                                  
     4                                  section .data ; Секция данных (инициализированные данные)
     5                                  
     6 00000000 48656C6C6F20776F72-     message db "Hello world!",10 ; Сообщение которое будем выводить "Hello world!", с переходом на новую строку(10)
     6 00000009 6C64210A           
     7                                  length equ $ - message ; Считаем автоматически длину строки
     8                                  
     9 0000000D 616E206572726F7220-     error_msg db "an error occurred while executing the program",10 ; Сообщение которое будем выводить при ошибке "во время выполнения программы произошла ошибка", с переходом на новую строку(10)
     9 00000016 6F6363757272656420-
     9 0000001F 7768696C6520657865-
     9 00000028 637574696E67207468-
     9 00000031 652070726F6772616D-
     9 0000003A 0A                 
    10                                  error_msg_length equ $ - error_msg ; Считаем автоматически длину строки
    11                                  
    12                                  section .text ; Секция кода (исполняемая программа)
    13                                  _start:; Точка входа программы
    14 00000000 B801000000              mov rax, 1 ; Вызов функции write(вывод)
    15 00000005 BF01000000              mov rdi, 1 ; Стандартный вывод
    16 0000000A 48BE-                   mov rsi, message ; Адрес строки для вывода
    16 0000000C [0000000000000000] 
    17 00000014 BA0D000000              mov rdx, length ; Длинна строки
    18 00000019 0F05                    syscall ; Выполняем системный вызов write(вывод)
    19                                  
    20 0000001B 4883F800                cmp rax, 0 ; Сравниваем возвращаемое значение с 0
    21 0000001F 7C12                    jl error_end ; Если отрицательное - ошибка
    22                                  
    23 00000021 4883F80D                cmp rax,length ; Сравниваем возвращенное значение с ожидаемой длиной
    24 00000025 750C                    jnz error_end ; Если они равны продолжаем выполнение программы
    25                                  
    26 00000027 B83C000000              mov rax, 60 ; 60 - номер системного вызова exit(выход)
    27 0000002C BF00000000              mov rdi, 0 ; код успешного завершения 0
    28 00000031 0F05                    syscall ; Выполняем системный вызов-выход
    29                                  
    30                                  error_end: ; Вывод сообщения об ошибке
    31 00000033 B801000000              mov rax, 1 ; Системный вызов write (вывод)
    32 00000038 BF02000000              mov rdi, 2 ; Дескриптор файла stderr (стандартный вывод ошибок)
    33 0000003D 48BE-                   mov rsi, error_msg ; Адрес сообщения об ошибке
    33 0000003F [0D00000000000000] 
    34 00000047 BA2E000000              mov rdx, error_msg_length ; Длина сообщения об ошибке
    35 0000004C 0F05                    syscall ; Системной вызов вывода об ошибке
    36                                  
    37 0000004E B83C000000              mov rax, 60 ; Системный вызов exit
    38 00000053 BF01000000              mov rdi, 1 ; Код ошибки
    39 00000058 0F05                    syscall ; Вызов системной функции выход с кодом ошибки
